START /dev/input/by-id/usb-Generic_USB_Keyboard-event-kbd EV_KEY:1 KEY_ENTER:28
SELECT /dev/input/by-id/usb-Generic_USB_Keyboard-event-kbd EV_KEY:1 KEY_TAB:15
EAST /dev/input/by-id/usb-Generic_USB_Keyboard-event-kbd EV_KEY:1 KEY_X:45
WEST /dev/input/by-id/usb-Generic_USB_Keyboard-event-kbd EV_KEY:1 KEY_Z:44
UP /dev/input/by-id/usb-Generic_USB_Keyboard-event-kbd EV_KEY:1 KEY_UP:103
DOWN /dev/input/by-id/usb-Generic_USB_Keyboard-event-kbd EV_KEY:1 KEY_DOWN:108
LEFT /dev/input/by-id/usb-Generic_USB_Keyboard-event-kbd EV_KEY:1 KEY_LEFT:105
RIGHT /dev/input/by-id/usb-Generic_USB_Keyboard-event-kbd EV_KEY:1 KEY_RIGHT:106
R1 /dev/input/by-id/usb-©Microsoft_Xbox_360_Wireless_Receiver_for_Windows_FD82B220-event-joystick EV_KEY:1 BTN_TR:311
R2 /dev/input/by-id/usb-©Microsoft_Xbox_360_Wireless_Receiver_for_Windows_FD82B220-event-joystick EV_ABS:3 ABS_RZ:5
R3 /dev/input/by-id/usb-©Microsoft_Xbox_360_Wireless_Receiver_for_Windows_FD82B220-event-joystick EV_KEY:1 BTN_THUMBR:318
L1 /dev/input/by-id/usb-©Microsoft_Xbox_360_Wireless_Receiver_for_Windows_FD82B220-event-joystick EV_KEY:1 BTN_TL:310
L2 /dev/input/by-id/usb-©Microsoft_Xbox_360_Wireless_Receiver_for_Windows_FD82B220-event-joystick EV_ABS:3 ABS_Z:2
L3 /dev/input/by-id/usb-©Microsoft_Xbox_360_Wireless_Receiver_for_Windows_FD82B220-event-joystick EV_KEY:1 BTN_THUMBL:317
START /dev/input/by-id/usb-©Microsoft_Xbox_360_Wireless_Receiver_for_Windows_FD82B220-event-joystick EV_KEY:1 BTN_START:315
HOME /dev/input/by-id/usb-©Microsoft_Xbox_360_Wireless_Receiver_for_Windows_FD82B220-event-joystick EV_KEY:1 BTN_MODE:316
SELECT /dev/input/by-id/usb-©Microsoft_Xbox_360_Wireless_Receiver_for_Windows_FD82B220-event-joystick EV_KEY:1 BTN_SELECT:314
NORTH /dev/input/by-id/usb-©Microsoft_Xbox_360_Wireless_Receiver_for_Windows_FD82B220-event-joystick EV_KEY:1 BTN_WEST:308
SOUTH /dev/input/by-id/usb-©Microsoft_Xbox_360_Wireless_Receiver_for_Windows_FD82B220-event-joystick EV_KEY:1 BTN_SOUTH:304
EAST /dev/input/by-id/usb-©Microsoft_Xbox_360_Wireless_Receiver_for_Windows_FD82B220-event-joystick EV_KEY:1 BTN_EAST:305
WEST /dev/input/by-id/usb-©Microsoft_Xbox_360_Wireless_Receiver_for_Windows_FD82B220-event-joystick EV_KEY:1 BTN_NORTH:307
UP /dev/input/by-id/usb-©Microsoft_Xbox_360_Wireless_Receiver_for_Windows_FD82B220-event-joystick EV_KEY:1 BTN_TRIGGER_HAPPY3:706
DOWN /dev/input/by-id/usb-©Microsoft_Xbox_360_Wireless_Receiver_for_Windows_FD82B220-event-joystick EV_KEY:1 BTN_TRIGGER_HAPPY4:707
LEFT /dev/input/by-id/usb-©Microsoft_Xbox_360_Wireless_Receiver_for_Windows_FD82B220-event-joystick EV_KEY:1 BTN_TRIGGER_HAPPY1:704
RIGHT /dev/input/by-id/usb-©Microsoft_Xbox_360_Wireless_Receiver_for_Windows_FD82B220-event-joystick EV_KEY:1 BTN_TRIGGER_HAPPY2:705
LX /dev/input/by-id/usb-©Microsoft_Xbox_360_Wireless_Receiver_for_Windows_FD82B220-event-joystick EV_ABS:3 ABS_X:0
LY /dev/input/by-id/usb-©Microsoft_Xbox_360_Wireless_Receiver_for_Windows_FD82B220-event-joystick EV_ABS:3 ABS_Y:1
RX /dev/input/by-id/usb-©Microsoft_Xbox_360_Wireless_Receiver_for_Windows_FD82B220-event-joystick EV_ABS:3 ABS_RX:3
RY /dev/input/by-id/usb-©Microsoft_Xbox_360_Wireless_Receiver_for_Windows_FD82B220-event-joystick EV_ABS:3 ABS_RY:4
LT /dev/input/by-id/usb-©Microsoft_Xbox_360_Wireless_Receiver_for_Windows_FD82B220-event-joystick EV_ABS:3 ABS_Z:2
RT /dev/input/by-id/usb-©Microsoft_Xbox_360_Wireless_Receiver_for_Windows_FD82B220-event-joystick EV_ABS:3 ABS_RZ:5
